LX51 LINKER/LOCATER V4.66.93.0                                                          01/08/2019  16:25:04  PAGE 1


LX51 LINKER/LOCATER V4.66.93.0, INVOKED BY:
D:\PROGRAM FILES (X86)\KEIL_V5\C51\BIN\LX51.EXE .\Objects\STARTUP.obj, .\Objects\main.obj, .\Objects\delay.obj, .\Object
>> s\gpio.obj, .\Objects\lcd1602.obj, .\Objects\i2csoft.obj, .\Objects\at24c02.obj TO .\Objects\BasicC51 PRINT (.\Listin
>> gs\BasicC51.map) REMOVEUNUSED


CPU MODE:     8051 MODE
MEMORY MODEL: LARGE


INPUT MODULES INCLUDED:
  .\Objects\STARTUP.obj (?C_STARTUP)
         COMMENT TYPE 1: A51 / ASM51 Assembler
  .\Objects\main.obj (MAIN)
         COMMENT TYPE 0: C51 V9.59.0.0
  .\Objects\delay.obj (DELAY)
         COMMENT TYPE 0: C51 V9.59.0.0
  .\Objects\gpio.obj (GPIO)
         COMMENT TYPE 0: C51 V9.59.0.0
  .\Objects\lcd1602.obj (LCD1602)
         COMMENT TYPE 0: C51 V9.59.0.0
  .\Objects\i2csoft.obj (I2CSOFT)
         COMMENT TYPE 0: C51 V9.59.0.0
  .\Objects\at24c02.obj (AT24C02)
         COMMENT TYPE 0: C51 V9.59.0.0
  D:\PROGRAM FILES (X86)\KEIL_V5\C51\LIB\C51L.LIB (?C_INIT)
         COMMENT TYPE 1: A51 / ASM51 Assembler
  D:\PROGRAM FILES (X86)\KEIL_V5\C51\LIB\C51L.LIB (?C?CLDPTR)
         COMMENT TYPE 1: A51 / ASM51 Assembler
  D:\PROGRAM FILES (X86)\KEIL_V5\C51\LIB\C51L.LIB (?C?CLDOPTR)
         COMMENT TYPE 1: A51 / ASM51 Assembler
  D:\PROGRAM FILES (X86)\KEIL_V5\C51\LIB\C51L.LIB (?C?CSTPTR)
         COMMENT TYPE 1: A51 / ASM51 Assembler
  D:\PROGRAM FILES (X86)\KEIL_V5\C51\LIB\C51L.LIB (?C?CSTOPTR)
         COMMENT TYPE 1: A51 / ASM51 Assembler
  D:\PROGRAM FILES (X86)\KEIL_V5\C51\LIB\C51L.LIB (?C?IILDX)
         COMMENT TYPE 1: A51 / ASM51 Assembler
  D:\PROGRAM FILES (X86)\KEIL_V5\C51\LIB\C51L.LIB (?C?ILDOPTR)
         COMMENT TYPE 1: A51 / ASM51 Assembler
  D:\PROGRAM FILES (X86)\KEIL_V5\C51\LIB\C51L.LIB (?C?IILDOPTR)
         COMMENT TYPE 1: A51 / ASM51 Assembler
  D:\PROGRAM FILES (X86)\KEIL_V5\C51\LIB\C51L.LIB (?C?ISTOPTR)
         COMMENT TYPE 1: A51 / ASM51 Assembler
  D:\PROGRAM FILES (X86)\KEIL_V5\C51\LIB\C51L.LIB (?C?SLCMP)
         COMMENT TYPE 1: A51 / ASM51 Assembler
  D:\PROGRAM FILES (X86)\KEIL_V5\C51\LIB\C51L.LIB (?C?PLDXDATA)
         COMMENT TYPE 1: A51 / ASM51 Assembler
  D:\PROGRAM FILES (X86)\KEIL_V5\C51\LIB\C51L.LIB (?C?PSTXDATA)
         COMMENT TYPE 1: A51 / ASM51 Assembler
  D:\PROGRAM FILES (X86)\KEIL_V5\C51\LIB\C51L.LIB (PRINTF)
         COMMENT TYPE 1: A51 / ASM51 Assembler
  D:\PROGRAM FILES (X86)\KEIL_V5\C51\LIB\C51L.LIB (?C?PLDIXDATA)
         COMMENT TYPE 1: A51 / ASM51 Assembler
  D:\PROGRAM FILES (X86)\KEIL_V5\C51\LIB\C51L.LIB (?C?CCASE)
         COMMENT TYPE 1: A51 / ASM51 Assembler
  D:\PROGRAM FILES (X86)\KEIL_V5\C51\LIB\C51L.LIB (PUTCHAR)
         COMMENT TYPE 1: A51 / ASM51 Assembler


ACTIVE MEMORY CLASSES OF MODULE:  .\Objects\BasicC51 (?C_STARTUP)

BASE        START       END         USED      MEMORY CLASS
==========================================================
C:000000H   C:000000H   C:00FFFFH   000D71H   CODE
I:000000H   I:000000H   I:0000FFH   000001H   IDATA
X:000000H   X:000000H   X:00FFFFH   000057H   XDATA
LX51 LINKER/LOCATER V4.66.93.0                                                        01/08/2019  16:25:04  PAGE 2


C:000000H   C:000000H   C:00FFFFH   000003H   CONST
I:000000H   I:000000H   I:00007FH   00000DH   DATA
I:000020H.0 I:000020H.0 I:00002FH.7 000001H.1 BIT


MEMORY MAP OF MODULE:  .\Objects\BasicC51 (?C_STARTUP)


START     STOP      LENGTH    ALIGN  RELOC    MEMORY CLASS   SEGMENT NAME
=========================================================================

* * * * * * * * * * *   D A T A   M E M O R Y   * * * * * * * * * * * * *
000000H   000007H   000008H   ---    AT..     DATA           "REG BANK 0"
000008H   00000CH   000005H   BYTE   UNIT     DATA           _DATA_GROUP_
00000DH.0 00001FH.7 000013H.0 ---    ---      **GAP**
000020H.0 000021H.0 000001H.1 BIT    UNIT     BIT            _BIT_GROUP_
000021H.1 000021H   000000H.7 ---    ---      **GAP**
000022H   000022H   000001H   BYTE   UNIT     IDATA          ?STACK

* * * * * * * * * * *   C O D E   M E M O R Y   * * * * * * * * * * * * *
000000H   000002H   000003H   ---    OFFS..   CODE           ?CO??C_STARTUP?0
000003H   000367H   000365H   BYTE   UNIT     CODE           ?PR?PRINTF?PRINTF
000368H   00050EH   0001A7H   BYTE   UNIT     CODE           ?C?LIB_CODE
00050FH   000614H   000106H   BYTE   UNIT     CODE           ?PR?_S_LCD1602_WRITE?LCD1602
000615H   0006AFH   00009BH   BYTE   UNIT     CODE           ?PR?_I2CDEV_START?I2CSOFT
0006B0H   00073BH   00008CH   BYTE   UNIT     CODE           ?C_C51STARTUP
00073CH   0007BFH   000084H   BYTE   UNIT     CODE           ?PR?_AT24C02_READBYTE?AT24C02
0007C0H   000841H   000082H   BYTE   UNIT     CODE           ?PR?_LCD1602_INIT?LCD1602
000842H   0008C2H   000081H   BYTE   UNIT     CODE           ?PR?MAIN?MAIN
0008C3H   000942H   000080H   BYTE   UNIT     CODE           ?PR?_SHIFTOUT?GPIO
000943H   0009C2H   000080H   BYTE   UNIT     CODE           ?PR?_I2CDEV_STOP?I2CSOFT
0009C3H   000A2FH   00006DH   BYTE   UNIT     CODE           ?PR?_I2CDEV_WRITEBYTE?I2CSOFT
000A30H   000A96H   000067H   BYTE   UNIT     CODE           ?PR?_I2CDEV_READBYTE?I2CSOFT
000A97H   000AFCH   000066H   BYTE   UNIT     CODE           ?PR?_SHIFTIN?GPIO
000AFDH   000B3FH   000043H   BYTE   UNIT     CODE           ?PR?_S_LCD1602_PLUSEENABLE?LCD1602
000B40H   000B80H   000041H   BYTE   UNIT     CODE           ?PR?_DIGITALWRITE?GPIO
000B81H   000BBEH   00003EH   BYTE   UNIT     CODE           ?PR?_DIGITALREAD?GPIO
000BBFH   000BF6H   000038H   BYTE   UNIT     CODE           ?PR?_LCD1602_DISPLAY?LCD1602
000BF7H   000C2CH   000036H   BYTE   UNIT     CODE           ?PR?_LCD1602_CREATE?LCD1602
000C2DH   000C5AH   00002EH   BYTE   UNIT     CODE           ?PR?_LCD1602_PRINT?LCD1602
000C5BH   000C83H   000029H   BYTE   UNIT     CODE           ?PR?_AT24C02_CREATE?AT24C02
000C84H   000CAAH   000027H   BYTE   UNIT     CODE           ?PR?_S_WAIT_FOR_TIMEOUT?I2CSOFT
000CABH   000CD1H   000027H   BYTE   UNIT     CODE           ?PR?_I2CDEV_INIT?I2CSOFT
000CD2H   000CF8H   000027H   BYTE   UNIT     CODE           ?PR?PUTCHAR?PUTCHAR
000CF9H   000D1DH   000025H   BYTE   UNIT     CODE           ?C_INITSEG
000D1EH   000D32H   000015H   BYTE   UNIT     CODE           ?PR?_I2CDEV_CREATE?I2CSOFT
000D33H   000D43H   000011H   BYTE   UNIT     CODE           ?PR?_LCD1602_CLEAR?LCD1602
000D44H   000D52H   00000FH   BYTE   UNIT     CODE           ?PR?_I2CDEV_WRITEADDRESS?I2CSOFT
000D53H   000D5EH   00000CH   BYTE   UNIT     CODE           ?PR?_DELAY_US?DELAY
000D5FH   000D67H   000009H   BYTE   UNIT     CODE           ?PR?_S_RESET_TIMEOUTCNT?I2CSOFT
000D68H   000D6AH   000003H   BYTE   UNIT     CODE           ?PR?_I2CDEV_WRITEDATA?I2CSOFT
000D6BH   000D6DH   000003H   BYTE   UNIT     CODE           ?PR?_I2CDEV_READDATA?I2CSOFT
000D6EH   000D70H   000003H   BYTE   UNIT     CODE           ?PR?_AT24C02_INIT?AT24C02
000D71H   000D73H   000003H   BYTE   UNIT     CONST          ?CO?MAIN

* * * * * * * * * * *  X D A T A   M E M O R Y  * * * * * * * * * * * * *
000000H   000036H   000037H   BYTE   UNIT     XDATA          _XDATA_GROUP_
000037H   000056H   000020H   BYTE   UNIT     XDATA          ?XD?MAIN

* * * * * * * * *   R E M O V E D     S E G M E N T S   * * * * * * * *
   *DEL*:           00001BH   BYTE   UNIT     CODE           ?PR?_DELAY_MS?DELAY
   *DEL*:           000017H   BYTE   UNIT     CODE           ?PR?_DIGITALWRITEPORT?GPIO
   *DEL*:           000014H   BYTE   UNIT     CODE           ?PR?_DIGITALREADPORT?GPIO
   *DEL*:           00002AH   BYTE   UNIT     CODE           ?PR?_LCD1602_SETCURSOR?LCD1602
   *DEL*:           000005H   BYTE   UNIT     XDATA          ?XD?_LCD1602_SETCURSOR?LCD1602
LX51 LINKER/LOCATER V4.66.93.0                                                        01/08/2019  16:25:04  PAGE 3


   *DEL*:           000011H   BYTE   UNIT     CODE           ?PR?_LCD1602_HOME?LCD1602
   *DEL*:           00004EH   BYTE   UNIT     CODE           ?PR?_LCD1602_CREATECHAR?LCD1602
   *DEL*:           000008H   BYTE   UNIT     XDATA          ?XD?_LCD1602_CREATECHAR?LCD1602
   *DEL*:           000009H   BYTE   UNIT     CODE           ?PR?_LCD1602_SHOWCHAR?LCD1602
   *DEL*:           000038H   BYTE   UNIT     CODE           ?PR?_LCD1602_NODISPLAY?LCD1602
   *DEL*:           000003H   BYTE   UNIT     XDATA          ?XD?_LCD1602_NODISPLAY?LCD1602
   *DEL*:           000038H   BYTE   UNIT     CODE           ?PR?_LCD1602_NOBLINK?LCD1602
   *DEL*:           000003H   BYTE   UNIT     XDATA          ?XD?_LCD1602_NOBLINK?LCD1602
   *DEL*:           000038H   BYTE   UNIT     CODE           ?PR?_LCD1602_BLINK?LCD1602
   *DEL*:           000003H   BYTE   UNIT     XDATA          ?XD?_LCD1602_BLINK?LCD1602
   *DEL*:           000038H   BYTE   UNIT     CODE           ?PR?_LCD1602_NOCURSOR?LCD1602
   *DEL*:           000003H   BYTE   UNIT     XDATA          ?XD?_LCD1602_NOCURSOR?LCD1602
   *DEL*:           000038H   BYTE   UNIT     CODE           ?PR?_LCD1602_CURSOR?LCD1602
   *DEL*:           000003H   BYTE   UNIT     XDATA          ?XD?_LCD1602_CURSOR?LCD1602
   *DEL*:           00000AH   BYTE   UNIT     CODE           ?PR?_LCD1602_SCROLLDISPLAYLEFT?LCD1602
   *DEL*:           00000AH   BYTE   UNIT     CODE           ?PR?_LCD1602_SCROLLDISPLAYRIGHT?LCD1602
   *DEL*:           000038H   BYTE   UNIT     CODE           ?PR?_LCD1602_LEFTTORIGHT?LCD1602
   *DEL*:           000003H   BYTE   UNIT     XDATA          ?XD?_LCD1602_LEFTTORIGHT?LCD1602
   *DEL*:           000038H   BYTE   UNIT     CODE           ?PR?_LCD1602_RIGHTTOLEFT?LCD1602
   *DEL*:           000003H   BYTE   UNIT     XDATA          ?XD?_LCD1602_RIGHTTOLEFT?LCD1602
   *DEL*:           000038H   BYTE   UNIT     CODE           ?PR?_LCD1602_AUTOSCROLL?LCD1602
   *DEL*:           000003H   BYTE   UNIT     XDATA          ?XD?_LCD1602_AUTOSCROLL?LCD1602
   *DEL*:           000038H   BYTE   UNIT     CODE           ?PR?_LCD1602_NOAUTOSCROLL?LCD1602
   *DEL*:           000003H   BYTE   UNIT     XDATA          ?XD?_LCD1602_NOAUTOSCROLL?LCD1602
   *DEL*:           00004EH   BYTE   UNIT     CODE           ?PR?_AT24C02_WRITEBYTE?AT24C02
   *DEL*:           000005H   BYTE   UNIT     XDATA          ?XD?_AT24C02_WRITEBYTE?AT24C02



OVERLAY MAP OF MODULE:   .\Objects\BasicC51 (?C_STARTUP)


FUNCTION/MODULE                           BIT_GROUP   DATA_GROUP   XDATA_GROUP
--> CALLED FUNCTION/MODULE               START  STOP  START  STOP  START  STOP
==============================================================================
?C_C51STARTUP                            ----- -----  ----- -----  ----- -----
  +--> MAIN/MAIN
  +--> ?C_INITSEG

MAIN/MAIN                                ----- -----  ----- -----  0000H 000EH
  +--> _LCD1602_CREATE/LCD1602
  +--> _LCD1602_INIT/LCD1602
  +--> _AT24C02_CREATE/AT24C02
  +--> _AT24C02_INIT/AT24C02
  +--> _AT24C02_READBYTE/AT24C02
  +--> PRINTF/PRINTF
  +--> _LCD1602_PRINT/LCD1602

_LCD1602_CREATE/LCD1602                  ----- -----  ----- -----  000FH 0017H

_LCD1602_INIT/LCD1602                    ----- -----  ----- -----  000FH 0011H
  +--> _S_LCD1602_WRITE/LCD1602
  +--> _LCD1602_DISPLAY/LCD1602
  +--> _LCD1602_CLEAR/LCD1602

_S_LCD1602_WRITE/LCD1602                 ----- -----  ----- -----  0015H 0019H
  +--> _DIGITALWRITE/GPIO
  +--> _S_LCD1602_PLUSEENABLE/LCD1602

_DIGITALWRITE/GPIO                       ----- -----  ----- -----  ----- -----

_S_LCD1602_PLUSEENABLE/LCD1602           ----- -----  ----- -----  001AH 001CH
  +--> _DIGITALWRITE/GPIO
  +--> _DELAY_US/DELAY

LX51 LINKER/LOCATER V4.66.93.0                                                        01/08/2019  16:25:04  PAGE 4


_DELAY_US/DELAY                          ----- -----  ----- -----  ----- -----

_LCD1602_DISPLAY/LCD1602                 ----- -----  ----- -----  0012H 0014H
  +--> _S_LCD1602_WRITE/LCD1602

_LCD1602_CLEAR/LCD1602                   ----- -----  ----- -----  ----- -----
  +--> _S_LCD1602_WRITE/LCD1602
  +--> _DELAY_US/DELAY

_AT24C02_CREATE/AT24C02                  ----- -----  ----- -----  000FH 0014H
  +--> _I2CDEV_CREATE/I2CSOFT

_I2CDEV_CREATE/I2CSOFT                   ----- -----  ----- -----  0015H 0019H

_AT24C02_INIT/AT24C02                    ----- -----  ----- -----  ----- -----
  +--> _I2CDEV_INIT/I2CSOFT

_I2CDEV_INIT/I2CSOFT                     ----- -----  ----- -----  000FH 0011H
  +--> _DIGITALWRITE/GPIO

_AT24C02_READBYTE/AT24C02                ----- -----  ----- -----  000FH 0013H
  +--> _I2CDEV_START/I2CSOFT
  +--> _I2CDEV_WRITEADDRESS/I2CSOFT
  +--> _I2CDEV_WRITEDATA/I2CSOFT
  +--> _I2CDEV_STOP/I2CSOFT
  +--> _I2CDEV_READDATA/I2CSOFT

_I2CDEV_START/I2CSOFT                    ----- -----  ----- -----  0014H 0016H
  +--> _DIGITALWRITE/GPIO
  +--> _S_RESET_TIMEOUTCNT/I2CSOFT
  +--> _DIGITALREAD/GPIO
  +--> _S_WAIT_FOR_TIMEOUT/I2CSOFT

_S_RESET_TIMEOUTCNT/I2CSOFT              ----- -----  ----- -----  ----- -----

_DIGITALREAD/GPIO                        ----- -----  ----- -----  ----- -----

_S_WAIT_FOR_TIMEOUT/I2CSOFT              ----- -----  ----- -----  ----- -----

_I2CDEV_WRITEADDRESS/I2CSOFT             ----- -----  ----- -----  0014H 0018H
  +--> _I2CDEV_WRITEBYTE/I2CSOFT

_I2CDEV_WRITEBYTE/I2CSOFT                ----- -----  ----- -----  0019H 001CH
  +--> _SHIFTOUT/GPIO
  +--> _DIGITALWRITE/GPIO
  +--> _DIGITALREAD/GPIO

_SHIFTOUT/GPIO                           ----- -----  ----- -----  001DH 0020H
  +--> _DIGITALWRITE/GPIO

_I2CDEV_WRITEDATA/I2CSOFT                ----- -----  ----- -----  ----- -----
  +--> _I2CDEV_WRITEBYTE/I2CSOFT

_I2CDEV_STOP/I2CSOFT                     ----- -----  ----- -----  0014H 0016H
  +--> _DIGITALWRITE/GPIO
  +--> _S_RESET_TIMEOUTCNT/I2CSOFT
  +--> _DIGITALREAD/GPIO
  +--> _S_WAIT_FOR_TIMEOUT/I2CSOFT

_I2CDEV_READDATA/I2CSOFT                 ----- -----  ----- -----  ----- -----
  +--> _I2CDEV_READBYTE/I2CSOFT

_I2CDEV_READBYTE/I2CSOFT                 ----- -----  ----- -----  0014H 0018H
  +--> _SHIFTIN/GPIO
  +--> _DIGITALWRITE/GPIO
LX51 LINKER/LOCATER V4.66.93.0                                                        01/08/2019  16:25:04  PAGE 5



_SHIFTIN/GPIO                            ----- -----  ----- -----  0019H 001BH
  +--> _DIGITALWRITE/GPIO
  +--> _DIGITALREAD/GPIO

PRINTF/PRINTF                            20H.0 21H.0  0008H 000CH  000FH 0036H
  +--> PUTCHAR/PUTCHAR

PUTCHAR/PUTCHAR                          ----- -----  ----- -----  ----- -----

_LCD1602_PRINT/LCD1602                   ----- -----  ----- -----  000FH 0014H
  +--> _S_LCD1602_WRITE/LCD1602

?C_INITSEG                               ----- -----  ----- -----  ----- -----



PUBLIC SYMBOLS OF MODULE:  .\Objects\BasicC51 (?C_STARTUP)


      VALUE       CLASS    TYPE      PUBLIC SYMBOL NAME
      =================================================
      0200000FH   XDATA    BYTE      ?_At24c02_create?BYTE
*DEL*:00000000H   XDATA    BYTE      ?_At24c02_writeByte?BYTE
      02000015H   XDATA    BYTE      ?_I2CDev_create?BYTE
      02000014H   XDATA    BYTE      ?_I2CDev_writeAddress?BYTE
      0200000FH   XDATA    BYTE      ?_Lcd1602_Create?BYTE
*DEL*:00000000H   XDATA    BYTE      ?_Lcd1602_createChar?BYTE
      0200000FH   XDATA    BYTE      ?_Lcd1602_print?BYTE
*DEL*:00000000H   XDATA    BYTE      ?_Lcd1602_setCursor?BYTE
      0200000FH   XDATA    ---       ?_PRINTF517?BYTE
      0200000FH   XDATA    ---       ?_PRINTF?BYTE
      0200001DH   XDATA    BYTE      ?_shiftOut?BYTE
      0200000FH   XDATA    ---       ?_SPRINTF517?BYTE
      0200000FH   XDATA    ---       ?_SPRINTF?BYTE
      010004E9H   CODE     ---       ?C?CCASE
      01000381H   CODE     ---       ?C?CLDOPTR
      01000368H   CODE     ---       ?C?CLDPTR
      00000000H   NUMBER   ---       ?C?CODESEG
      010003C0H   CODE     ---       ?C?CSTOPTR
      010003AEH   CODE     ---       ?C?CSTPTR
      01000430H   CODE     ---       ?C?IILDOPTR
      010003E2H   CODE     ---       ?C?IILDX
      010003F8H   CODE     ---       ?C?ILDOPTR
      0100047DH   CODE     ---       ?C?ISTOPTR
      010004D2H   CODE     ---       ?C?PLDIXDATA
      010004C0H   CODE     ---       ?C?PLDXDATA
      010004C9H   CODE     ---       ?C?PSTXDATA
      010004AAH   CODE     ---       ?C?SLCMP
      00000000H   NUMBER   ---       ?C?XDATASEG
      010006F7H   CODE     ---       ?C_START
      01000000H   CODE     ---       ?C_STARTUP
      01000C5BH   CODE     ---       _At24c02_create
      01000D6EH   CODE     ---       _At24c02_init
      0100073CH   CODE     ---       _At24c02_readByte
*DEL*:00000000H   CODE     ---       _At24c02_writeByte
*DEL*:00000000H   CODE     ---       _delay_ms
      01000D53H   CODE     ---       _delay_us
      01000B81H   CODE     ---       _digitalRead
*DEL*:00000000H   CODE     ---       _digitalReadPort
      01000B40H   CODE     ---       _digitalWrite
*DEL*:00000000H   CODE     ---       _digitalWritePort
      01000D1EH   CODE     ---       _I2CDev_create
      01000CABH   CODE     ---       _I2CDev_init
      01000A30H   CODE     ---       _I2CDev_readByte
LX51 LINKER/LOCATER V4.66.93.0                                                        01/08/2019  16:25:04  PAGE 6


      01000D6BH   CODE     ---       _I2CDev_readData
      01000615H   CODE     ---       _I2CDev_start
      01000943H   CODE     ---       _I2CDev_stop
      01000D44H   CODE     ---       _I2CDev_writeAddress
      010009C3H   CODE     ---       _I2CDev_writeByte
      01000D68H   CODE     ---       _I2CDev_writeData
*DEL*:00000000H   CODE     ---       _Lcd1602_autoscroll
*DEL*:00000000H   CODE     ---       _Lcd1602_blink
      01000D33H   CODE     ---       _Lcd1602_clear
      01000BF7H   CODE     ---       _Lcd1602_Create
*DEL*:00000000H   CODE     ---       _Lcd1602_createChar
*DEL*:00000000H   CODE     ---       _Lcd1602_cursor
      01000BBFH   CODE     ---       _Lcd1602_display
*DEL*:00000000H   CODE     ---       _Lcd1602_home
      010007C0H   CODE     ---       _Lcd1602_init
*DEL*:00000000H   CODE     ---       _Lcd1602_leftToRight
*DEL*:00000000H   CODE     ---       _Lcd1602_noAutoscroll
*DEL*:00000000H   CODE     ---       _Lcd1602_noBlink
*DEL*:00000000H   CODE     ---       _Lcd1602_noCursor
*DEL*:00000000H   CODE     ---       _Lcd1602_noDisplay
      01000C2DH   CODE     ---       _Lcd1602_print
*DEL*:00000000H   CODE     ---       _Lcd1602_rightToLeft
*DEL*:00000000H   CODE     ---       _Lcd1602_scrollDisplayLeft
*DEL*:00000000H   CODE     ---       _Lcd1602_scrollDisplayRight
*DEL*:00000000H   CODE     ---       _Lcd1602_setCursor
*DEL*:00000000H   CODE     ---       _Lcd1602_showChar
      0100006EH   CODE     ---       _PRINTF
      0100006EH   CODE     ---       _PRINTF517
      01000CD2H   CODE     ---       _PUTCHAR
      01000A97H   CODE     ---       _shiftIn
      010008C3H   CODE     ---       _shiftOut
      01000068H   CODE     ---       _SPRINTF
      01000068H   CODE     ---       _SPRINTF517
*SFR* 000000D0H.6 DATA     BIT       AC
*SFR* 000000E0H   DATA     BYTE      ACC
*SFR* 000000F0H   DATA     BYTE      B
      02000037H   XDATA    ---       buff
*SFR* 000000C8H.1 DATA     BIT       C_T2
*SFR* 000000C8H.0 DATA     BIT       CP_RL2
*SFR* 000000D0H.7 DATA     BIT       CY
*SFR* 00000083H   DATA     BYTE      DPH
*SFR* 00000082H   DATA     BYTE      DPL
*SFR* 000000A8H.7 DATA     BIT       EA
*SFR* 000000A8H.4 DATA     BIT       ES
*SFR* 000000A8H.1 DATA     BIT       ET0
*SFR* 000000A8H.3 DATA     BIT       ET1
*SFR* 000000A8H.5 DATA     BIT       ET2
*SFR* 000000A8H.0 DATA     BIT       EX0
*SFR* 000000A8H.2 DATA     BIT       EX1
*SFR* 000000C8H.3 DATA     BIT       EXEN2
*SFR* 000000C8H.6 DATA     BIT       EXF2
*SFR* 000000D0H.5 DATA     BIT       F0
*SFR* 000000A8H   DATA     BYTE      IE
*SFR* 00000088H.1 DATA     BIT       IE0
*SFR* 00000088H.3 DATA     BIT       IE1
*SFR* 000000B0H.2 DATA     BIT       INT0
*SFR* 000000B0H.3 DATA     BIT       INT1
*SFR* 000000B8H   DATA     BYTE      IP
*SFR* 00000088H.0 DATA     BIT       IT0
*SFR* 00000088H.2 DATA     BIT       IT1
      01000842H   CODE     ---       main
*SFR* 000000D0H.2 DATA     BIT       OV
*SFR* 000000D0H.0 DATA     BIT       P
*SFR* 00000080H   DATA     BYTE      P0
*SFR* 00000090H   DATA     BYTE      P1
LX51 LINKER/LOCATER V4.66.93.0                                                        01/08/2019  16:25:04  PAGE 7


*SFR* 000000A0H   DATA     BYTE      P2
*SFR* 000000B0H   DATA     BYTE      P3
*SFR* 00000087H   DATA     BYTE      PCON
*SFR* 000000B8H.4 DATA     BIT       PS
*SFR* 000000D0H   DATA     BYTE      PSW
*SFR* 000000B8H.1 DATA     BIT       PT0
*SFR* 000000B8H.3 DATA     BIT       PT1
*SFR* 000000B8H.5 DATA     BIT       PT2
*SFR* 000000B8H.0 DATA     BIT       PX0
*SFR* 000000B8H.2 DATA     BIT       PX1
*SFR* 00000098H.2 DATA     BIT       RB8
*SFR* 000000CBH   DATA     BYTE      RCAP2H
*SFR* 000000CAH   DATA     BYTE      RCAP2L
*SFR* 000000C8H.5 DATA     BIT       RCLK
*SFR* 000000B0H.7 DATA     BIT       RD
*SFR* 00000098H.4 DATA     BIT       REN
*SFR* 00000098H.0 DATA     BIT       RI
*SFR* 000000D0H.3 DATA     BIT       RS0
*SFR* 000000D0H.4 DATA     BIT       RS1
*SFR* 000000B0H.0 DATA     BIT       RXD
*SFR* 00000099H   DATA     BYTE      SBUF
*SFR* 00000098H   DATA     BYTE      SCON
*SFR* 00000098H.7 DATA     BIT       SM0
*SFR* 00000098H.6 DATA     BIT       SM1
*SFR* 00000098H.5 DATA     BIT       SM2
*SFR* 00000081H   DATA     BYTE      SP
*SFR* 000000B0H.4 DATA     BIT       T0
*SFR* 000000B0H.5 DATA     BIT       T1
*SFR* 00000090H.0 DATA     BIT       T2
*SFR* 000000C8H   DATA     BYTE      T2CON
*SFR* 00000090H.1 DATA     BIT       T2EX
*SFR* 00000098H.3 DATA     BIT       TB8
*SFR* 000000C8H.4 DATA     BIT       TCLK
*SFR* 00000088H   DATA     BYTE      TCON
*SFR* 00000088H.5 DATA     BIT       TF0
*SFR* 00000088H.7 DATA     BIT       TF1
*SFR* 000000C8H.7 DATA     BIT       TF2
*SFR* 0000008CH   DATA     BYTE      TH0
*SFR* 0000008DH   DATA     BYTE      TH1
*SFR* 000000CDH   DATA     BYTE      TH2
*SFR* 00000098H.1 DATA     BIT       TI
*SFR* 0000008AH   DATA     BYTE      TL0
*SFR* 0000008BH   DATA     BYTE      TL1
*SFR* 000000CCH   DATA     BYTE      TL2
*SFR* 00000089H   DATA     BYTE      TMOD
*SFR* 00000088H.4 DATA     BIT       TR0
*SFR* 00000088H.6 DATA     BIT       TR1
*SFR* 000000C8H.2 DATA     BIT       TR2
*SFR* 000000B0H.1 DATA     BIT       TXD
*SFR* 000000B0H.6 DATA     BIT       WR



SYMBOL TABLE OF MODULE:  .\Objects\BasicC51 (?C_STARTUP)

      VALUE       REP       CLASS    TYPE      SYMBOL NAME
      ====================================================
      ---         MODULE    ---      ---       ?C_STARTUP
      01000000H   PUBLIC    CODE     ---       ?C_STARTUP
      000000E0H   SYMBOL    DATA     ---       ACC
      000000F0H   SYMBOL    DATA     ---       B
      00000083H   SYMBOL    DATA     ---       DPH
      00000082H   SYMBOL    DATA     ---       DPL
      00000000H   SYMBOL    NUMBER   ---       IBPSTACK
      00000100H   SYMBOL    NUMBER   ---       IBPSTACKTOP
LX51 LINKER/LOCATER V4.66.93.0                                                        01/08/2019  16:25:04  PAGE 8


      00000080H   SYMBOL    NUMBER   ---       IDATALEN
      010006B3H   SYMBOL    CODE     ---       IDATALOOP
      00000000H   SYMBOL    NUMBER   ---       PBPSTACK
      00000100H   SYMBOL    NUMBER   ---       PBPSTACKTOP
      00000000H   SYMBOL    NUMBER   ---       PDATALEN
      00000000H   SYMBOL    NUMBER   ---       PDATASTART
      00000000H   SYMBOL    NUMBER   ---       PPAGE
      00000000H   SYMBOL    NUMBER   ---       PPAGEENABLE
      000000A0H   SYMBOL    DATA     ---       PPAGE_SFR
      00000081H   SYMBOL    DATA     ---       SP
      010006B0H   SYMBOL    CODE     ---       STARTUP1
      00000000H   SYMBOL    NUMBER   ---       XBPSTACK
      00000000H   SYMBOL    NUMBER   ---       XBPSTACKTOP
      00000000H   SYMBOL    NUMBER   ---       XDATALEN
      00000000H   SYMBOL    NUMBER   ---       XDATASTART
      01000000H   LINE      CODE     ---       #126
      010006B0H   LINE      CODE     ---       #133
      010006B2H   LINE      CODE     ---       #134
      010006B3H   LINE      CODE     ---       #135
      010006B4H   LINE      CODE     ---       #136
      010006B6H   LINE      CODE     ---       #185
      010006B9H   LINE      CODE     ---       #196

      ---         MODULE    ---      ---       MAIN
      02000037H   PUBLIC    XDATA    ---       buff
      01000842H   PUBLIC    CODE     ---       main
      00000080H   SFRSYM    DATA     BYTE      P0
      00000090H   SFRSYM    DATA     BYTE      P1
      000000A0H   SFRSYM    DATA     BYTE      P2
      000000B0H   SFRSYM    DATA     BYTE      P3
      000000B0H.4 SFRSYM    DATA     BIT       T0
      000000D0H.6 SFRSYM    DATA     BIT       AC
      000000B0H.5 SFRSYM    DATA     BIT       T1
      00000090H.0 SFRSYM    DATA     BIT       T2
      000000A8H.7 SFRSYM    DATA     BIT       EA
      000000A8H   SFRSYM    DATA     BYTE      IE
      000000C8H.6 SFRSYM    DATA     BIT       EXF2
      000000B0H.7 SFRSYM    DATA     BIT       RD
      000000A8H.4 SFRSYM    DATA     BIT       ES
      000000B8H   SFRSYM    DATA     BYTE      IP
      00000098H.0 SFRSYM    DATA     BIT       RI
      000000B0H.2 SFRSYM    DATA     BIT       INT0
      000000D0H.7 SFRSYM    DATA     BIT       CY
      00000098H.1 SFRSYM    DATA     BIT       TI
      000000B0H.3 SFRSYM    DATA     BIT       INT1
      000000CBH   SFRSYM    DATA     BYTE      RCAP2H
      000000B8H.4 SFRSYM    DATA     BIT       PS
      00000081H   SFRSYM    DATA     BYTE      SP
      00000090H.1 SFRSYM    DATA     BIT       T2EX
      000000D0H.2 SFRSYM    DATA     BIT       OV
      000000CAH   SFRSYM    DATA     BYTE      RCAP2L
      000000C8H.1 SFRSYM    DATA     BIT       C_T2
      000000B0H.6 SFRSYM    DATA     BIT       WR
      000000C8H.5 SFRSYM    DATA     BIT       RCLK
      000000C8H.4 SFRSYM    DATA     BIT       TCLK
      00000099H   SFRSYM    DATA     BYTE      SBUF
      00000087H   SFRSYM    DATA     BYTE      PCON
      00000098H   SFRSYM    DATA     BYTE      SCON
      00000089H   SFRSYM    DATA     BYTE      TMOD
      00000088H   SFRSYM    DATA     BYTE      TCON
      00000088H.1 SFRSYM    DATA     BIT       IE0
      00000088H.3 SFRSYM    DATA     BIT       IE1
      000000F0H   SFRSYM    DATA     BYTE      B
      000000C8H.0 SFRSYM    DATA     BIT       CP_RL2
      000000E0H   SFRSYM    DATA     BYTE      ACC
LX51 LINKER/LOCATER V4.66.93.0                                                        01/08/2019  16:25:04  PAGE 9


      000000A8H.1 SFRSYM    DATA     BIT       ET0
      000000A8H.3 SFRSYM    DATA     BIT       ET1
      00000088H.5 SFRSYM    DATA     BIT       TF0
      000000A8H.5 SFRSYM    DATA     BIT       ET2
      00000088H.7 SFRSYM    DATA     BIT       TF1
      000000C8H.7 SFRSYM    DATA     BIT       TF2
      00000098H.2 SFRSYM    DATA     BIT       RB8
      0000008CH   SFRSYM    DATA     BYTE      TH0
      000000A8H.0 SFRSYM    DATA     BIT       EX0
      00000088H.0 SFRSYM    DATA     BIT       IT0
      0000008DH   SFRSYM    DATA     BYTE      TH1
      00000098H.3 SFRSYM    DATA     BIT       TB8
      000000A8H.2 SFRSYM    DATA     BIT       EX1
      00000088H.2 SFRSYM    DATA     BIT       IT1
      000000CDH   SFRSYM    DATA     BYTE      TH2
      000000D0H.0 SFRSYM    DATA     BIT       P
      00000098H.7 SFRSYM    DATA     BIT       SM0
      0000008AH   SFRSYM    DATA     BYTE      TL0
      00000098H.6 SFRSYM    DATA     BIT       SM1
      0000008BH   SFRSYM    DATA     BYTE      TL1
      00000098H.5 SFRSYM    DATA     BIT       SM2
      000000CCH   SFRSYM    DATA     BYTE      TL2
      000000B8H.1 SFRSYM    DATA     BIT       PT0
      000000B8H.3 SFRSYM    DATA     BIT       PT1
      000000D0H.3 SFRSYM    DATA     BIT       RS0
      000000B8H.5 SFRSYM    DATA     BIT       PT2
      00000088H.4 SFRSYM    DATA     BIT       TR0
      000000D0H.4 SFRSYM    DATA     BIT       RS1
      00000088H.6 SFRSYM    DATA     BIT       TR1
      000000C8H.2 SFRSYM    DATA     BIT       TR2
      000000B8H.0 SFRSYM    DATA     BIT       PX0
      000000B8H.2 SFRSYM    DATA     BIT       PX1
      00000083H   SFRSYM    DATA     BYTE      DPH
      00000082H   SFRSYM    DATA     BYTE      DPL
      000000C8H.3 SFRSYM    DATA     BIT       EXEN2
      00000098H.4 SFRSYM    DATA     BIT       REN
      000000C8H   SFRSYM    DATA     BYTE      T2CON
      000000B0H.0 SFRSYM    DATA     BIT       RXD
      000000B0H.1 SFRSYM    DATA     BIT       TXD
      000000D0H.5 SFRSYM    DATA     BIT       F0
      000000D0H   SFRSYM    DATA     BYTE      PSW

      01000842H   BLOCK     CODE     ---       LVL=0
      01000842H   BLOCK     CODE     NEAR LAB  LVL=1
      00000007H   SYMBOL    DATA     BYTE      dat
      02000000H   SYMBOL    XDATA    ---       lcd
      02000009H   SYMBOL    XDATA    ---       rom
      ---         BLOCKEND  ---      ---       LVL=1
      01000842H   LINE      CODE     ---       #12
      01000842H   LINE      CODE     ---       #13
      01000842H   LINE      CODE     ---       #18
      0100085FH   LINE      CODE     ---       #19
      01000868H   LINE      CODE     ---       #21
      0100087DH   LINE      CODE     ---       #22
      01000886H   LINE      CODE     ---       #26
      01000891H   LINE      CODE     ---       #28
      010008AEH   LINE      CODE     ---       #30
      010008C1H   LINE      CODE     ---       #33
      ---         BLOCKEND  ---      ---       LVL=0

      ---         MODULE    ---      ---       DELAY
      01000D53H   PUBLIC    CODE     ---       _delay_us
      00000006H   SYMBOL    DATA     WORD      ms
      00000005H   SYMBOL    DATA     BYTE      i

LX51 LINKER/LOCATER V4.66.93.0                                                        01/08/2019  16:25:04  PAGE 10


      01000D53H   BLOCK     CODE     ---       LVL=0
      00000006H   SYMBOL    DATA     WORD      us
      01000D53H   LINE      CODE     ---       #14
      01000D53H   LINE      CODE     ---       #15
      01000D53H   LINE      CODE     ---       #16
      01000D5EH   LINE      CODE     ---       #17
      ---         BLOCKEND  ---      ---       LVL=0

      ---         MODULE    ---      ---       GPIO
      0200001DH   PUBLIC    XDATA    BYTE      ?_shiftOut?BYTE
      010008C3H   PUBLIC    CODE     ---       _shiftOut
      01000A97H   PUBLIC    CODE     ---       _shiftIn
      01000B81H   PUBLIC    CODE     ---       _digitalRead
      01000B40H   PUBLIC    CODE     ---       _digitalWrite
      00000080H   SFRSYM    DATA     BYTE      P0
      00000090H   SFRSYM    DATA     BYTE      P1
      000000A0H   SFRSYM    DATA     BYTE      P2
      000000B0H   SFRSYM    DATA     BYTE      P3
      000000B0H.4 SFRSYM    DATA     BIT       T0
      000000D0H.6 SFRSYM    DATA     BIT       AC
      000000B0H.5 SFRSYM    DATA     BIT       T1
      00000090H.0 SFRSYM    DATA     BIT       T2
      000000A8H.7 SFRSYM    DATA     BIT       EA
      000000A8H   SFRSYM    DATA     BYTE      IE
      000000C8H.6 SFRSYM    DATA     BIT       EXF2
      000000B0H.7 SFRSYM    DATA     BIT       RD
      000000A8H.4 SFRSYM    DATA     BIT       ES
      000000B8H   SFRSYM    DATA     BYTE      IP
      00000098H.0 SFRSYM    DATA     BIT       RI
      000000B0H.2 SFRSYM    DATA     BIT       INT0
      000000D0H.7 SFRSYM    DATA     BIT       CY
      00000098H.1 SFRSYM    DATA     BIT       TI
      000000B0H.3 SFRSYM    DATA     BIT       INT1
      000000CBH   SFRSYM    DATA     BYTE      RCAP2H
      000000B8H.4 SFRSYM    DATA     BIT       PS
      00000081H   SFRSYM    DATA     BYTE      SP
      00000090H.1 SFRSYM    DATA     BIT       T2EX
      000000D0H.2 SFRSYM    DATA     BIT       OV
      000000CAH   SFRSYM    DATA     BYTE      RCAP2L
      000000C8H.1 SFRSYM    DATA     BIT       C_T2
      000000B0H.6 SFRSYM    DATA     BIT       WR
      000000C8H.5 SFRSYM    DATA     BIT       RCLK
      000000C8H.4 SFRSYM    DATA     BIT       TCLK
      00000099H   SFRSYM    DATA     BYTE      SBUF
      00000087H   SFRSYM    DATA     BYTE      PCON
      00000098H   SFRSYM    DATA     BYTE      SCON
      00000089H   SFRSYM    DATA     BYTE      TMOD
      00000088H   SFRSYM    DATA     BYTE      TCON
      00000088H.1 SFRSYM    DATA     BIT       IE0
      00000088H.3 SFRSYM    DATA     BIT       IE1
      000000F0H   SFRSYM    DATA     BYTE      B
      000000C8H.0 SFRSYM    DATA     BIT       CP_RL2
      000000E0H   SFRSYM    DATA     BYTE      ACC
      000000A8H.1 SFRSYM    DATA     BIT       ET0
      000000A8H.3 SFRSYM    DATA     BIT       ET1
      00000088H.5 SFRSYM    DATA     BIT       TF0
      000000A8H.5 SFRSYM    DATA     BIT       ET2
      00000088H.7 SFRSYM    DATA     BIT       TF1
      000000C8H.7 SFRSYM    DATA     BIT       TF2
      00000098H.2 SFRSYM    DATA     BIT       RB8
      0000008CH   SFRSYM    DATA     BYTE      TH0
      000000A8H.0 SFRSYM    DATA     BIT       EX0
      00000088H.0 SFRSYM    DATA     BIT       IT0
      0000008DH   SFRSYM    DATA     BYTE      TH1
      00000098H.3 SFRSYM    DATA     BIT       TB8
LX51 LINKER/LOCATER V4.66.93.0                                                        01/08/2019  16:25:04  PAGE 11


      000000A8H.2 SFRSYM    DATA     BIT       EX1
      00000088H.2 SFRSYM    DATA     BIT       IT1
      000000CDH   SFRSYM    DATA     BYTE      TH2
      000000D0H.0 SFRSYM    DATA     BIT       P
      00000098H.7 SFRSYM    DATA     BIT       SM0
      0000008AH   SFRSYM    DATA     BYTE      TL0
      00000098H.6 SFRSYM    DATA     BIT       SM1
      0000008BH   SFRSYM    DATA     BYTE      TL1
      00000098H.5 SFRSYM    DATA     BIT       SM2
      000000CCH   SFRSYM    DATA     BYTE      TL2
      000000B8H.1 SFRSYM    DATA     BIT       PT0
      000000B8H.3 SFRSYM    DATA     BIT       PT1
      000000D0H.3 SFRSYM    DATA     BIT       RS0
      000000B8H.5 SFRSYM    DATA     BIT       PT2
      00000088H.4 SFRSYM    DATA     BIT       TR0
      000000D0H.4 SFRSYM    DATA     BIT       RS1
      00000088H.6 SFRSYM    DATA     BIT       TR1
      000000C8H.2 SFRSYM    DATA     BIT       TR2
      000000B8H.0 SFRSYM    DATA     BIT       PX0
      000000B8H.2 SFRSYM    DATA     BIT       PX1
      00000083H   SFRSYM    DATA     BYTE      DPH
      00000082H   SFRSYM    DATA     BYTE      DPL
      000000C8H.3 SFRSYM    DATA     BIT       EXEN2
      00000098H.4 SFRSYM    DATA     BIT       REN
      000000C8H   SFRSYM    DATA     BYTE      T2CON
      000000B0H.0 SFRSYM    DATA     BIT       RXD
      000000B0H.1 SFRSYM    DATA     BIT       TXD
      000000D0H.5 SFRSYM    DATA     BIT       F0
      000000D0H   SFRSYM    DATA     BYTE      PSW

      01000B40H   BLOCK     CODE     ---       LVL=0
      00000007H   SYMBOL    DATA     BYTE      pin
      00000005H   SYMBOL    DATA     BYTE      val
      01000B40H   BLOCK     CODE     NEAR LAB  LVL=1
      00000006H   SYMBOL    DATA     BYTE      bitMask
      00000007H   SYMBOL    DATA     BYTE      port
      ---         BLOCKEND  ---      ---       LVL=1
      01000B40H   LINE      CODE     ---       #13
      01000B40H   LINE      CODE     ---       #14
      01000B40H   LINE      CODE     ---       #15
      01000B4FH   LINE      CODE     ---       #16
      01000B56H   LINE      CODE     ---       #18
      01000B58H   LINE      CODE     ---       #19
      01000B58H   LINE      CODE     ---       #20
      01000B5BH   LINE      CODE     ---       #21
      01000B5FH   LINE      CODE     ---       #23
      01000B63H   LINE      CODE     ---       #24
      01000B64H   LINE      CODE     ---       #25
      01000B69H   LINE      CODE     ---       #26
      01000B69H   LINE      CODE     ---       #27
      01000B6CH   LINE      CODE     ---       #28
      01000B70H   LINE      CODE     ---       #30
      01000B74H   LINE      CODE     ---       #31
      01000B75H   LINE      CODE     ---       #33
      01000B75H   LINE      CODE     ---       #34
      01000B78H   LINE      CODE     ---       #35
      01000B7CH   LINE      CODE     ---       #37
      01000B80H   LINE      CODE     ---       #38
      01000B80H   LINE      CODE     ---       #39
      ---         BLOCKEND  ---      ---       LVL=0

      01000B81H   BLOCK     CODE     ---       LVL=0
      00000007H   SYMBOL    DATA     BYTE      pin
      01000B81H   BLOCK     CODE     NEAR LAB  LVL=1
      00000006H   SYMBOL    DATA     BYTE      bitMask
LX51 LINKER/LOCATER V4.66.93.0                                                        01/08/2019  16:25:04  PAGE 12


      00000007H   SYMBOL    DATA     BYTE      port
      ---         BLOCKEND  ---      ---       LVL=1
      01000B81H   LINE      CODE     ---       #42
      01000B81H   LINE      CODE     ---       #43
      01000B81H   LINE      CODE     ---       #44
      01000B90H   LINE      CODE     ---       #45
      01000B96H   LINE      CODE     ---       #47
      01000B9BH   LINE      CODE     ---       #48
      01000B9BH   LINE      CODE     ---       #49
      01000BA2H   LINE      CODE     ---       #50
      01000BA4H   LINE      CODE     ---       #52
      01000BA5H   LINE      CODE     ---       #53
      01000BA5H   LINE      CODE     ---       #54
      01000BABH   LINE      CODE     ---       #55
      01000BABH   LINE      CODE     ---       #56
      01000BB2H   LINE      CODE     ---       #57
      01000BB4H   LINE      CODE     ---       #59
      01000BB5H   LINE      CODE     ---       #60
      01000BB5H   LINE      CODE     ---       #62
      01000BB5H   LINE      CODE     ---       #63
      01000BBCH   LINE      CODE     ---       #64
      01000BBEH   LINE      CODE     ---       #66
      01000BBEH   LINE      CODE     ---       #67
      01000BBEH   LINE      CODE     ---       #68
      ---         BLOCKEND  ---      ---       LVL=0
      00000007H   SYMBOL    DATA     BYTE      port
      00000005H   SYMBOL    DATA     BYTE      val
      00000007H   SYMBOL    DATA     BYTE      port

      01000A97H   BLOCK     CODE     ---       LVL=0
      02000019H   SYMBOL    XDATA    BYTE      dataPin
      0200001AH   SYMBOL    XDATA    BYTE      clockPin
      0200001BH   SYMBOL    XDATA    BYTE      bitOrder
      01000AA2H   BLOCK     CODE     NEAR LAB  LVL=1
      00000001H   SYMBOL    DATA     BYTE      value
      00000003H   SYMBOL    DATA     BYTE      i
      ---         BLOCKEND  ---      ---       LVL=1
      01000A97H   LINE      CODE     ---       #90
      01000AA2H   LINE      CODE     ---       #91
      01000AA2H   LINE      CODE     ---       #92
      01000AA4H   LINE      CODE     ---       #95
      01000AAFH   LINE      CODE     ---       #96
      01000AB9H   LINE      CODE     ---       #97
      01000ABFH   LINE      CODE     ---       #98
      01000AD5H   LINE      CODE     ---       #100
      01000AEDH   LINE      CODE     ---       #101
      01000AF7H   LINE      CODE     ---       #102
      01000AFAH   LINE      CODE     ---       #103
      01000AFCH   LINE      CODE     ---       #104
      ---         BLOCKEND  ---      ---       LVL=0

      010008C3H   BLOCK     CODE     ---       LVL=0
      00000001H   SYMBOL    DATA     BYTE      dataPin
      00000004H   SYMBOL    DATA     BYTE      clockPin
      0200001FH   SYMBOL    XDATA    BYTE      bitOrder
      02000020H   SYMBOL    XDATA    BYTE      val
      010008CCH   BLOCK     CODE     NEAR LAB  LVL=1
      00000003H   SYMBOL    DATA     BYTE      i
      ---         BLOCKEND  ---      ---       LVL=1
      010008C3H   LINE      CODE     ---       #106
      010008CCH   LINE      CODE     ---       #107
      010008CCH   LINE      CODE     ---       #110
      010008D8H   LINE      CODE     ---       #111
      010008E0H   LINE      CODE     ---       #112
      01000904H   LINE      CODE     ---       #114
LX51 LINKER/LOCATER V4.66.93.0                                                        01/08/2019  16:25:04  PAGE 13


      01000932H   LINE      CODE     ---       #116
      01000939H   LINE      CODE     ---       #117
      0100093FH   LINE      CODE     ---       #118
      01000942H   LINE      CODE     ---       #119
      ---         BLOCKEND  ---      ---       LVL=0

      ---         MODULE    ---      ---       LCD1602
      01000BBFH   PUBLIC    CODE     ---       _Lcd1602_display
      01000D33H   PUBLIC    CODE     ---       _Lcd1602_clear
      0200000FH   PUBLIC    XDATA    BYTE      ?_Lcd1602_print?BYTE
      01000C2DH   PUBLIC    CODE     ---       _Lcd1602_print
      010007C0H   PUBLIC    CODE     ---       _Lcd1602_init
      0200000FH   PUBLIC    XDATA    BYTE      ?_Lcd1602_Create?BYTE
      01000BF7H   PUBLIC    CODE     ---       _Lcd1602_Create
      01000AFDH   SYMBOL    CODE     ---       _s_Lcd1602_pluseEnable
      0100050FH   SYMBOL    CODE     ---       _s_Lcd1602_Write

      01000AFDH   BLOCK     CODE     ---       LVL=0
      0200001AH   SYMBOL    XDATA    ---       lcd
      01000AFDH   LINE      CODE     ---       #13
      01000B03H   LINE      CODE     ---       #14
      01000B03H   LINE      CODE     ---       #15
      01000B15H   LINE      CODE     ---       #16
      01000B27H   LINE      CODE     ---       #17
      01000B39H   LINE      CODE     ---       #18
      ---         BLOCKEND  ---      ---       LVL=0

      0100050FH   BLOCK     CODE     ---       LVL=0
      ---         BLOCKEND  ---      ---       LVL=0

      01000515H   BLOCK     CODE     ---       LVL=0
      02000015H   SYMBOL    XDATA    ---       lcd
      02000018H   SYMBOL    XDATA    BYTE      value
      02000019H   SYMBOL    XDATA    BYTE      mode
      01000515H   LINE      CODE     ---       #21
      01000520H   LINE      CODE     ---       #22
      01000520H   LINE      CODE     ---       #23
      0100052CH   LINE      CODE     ---       #26
      01000545H   LINE      CODE     ---       #27
      01000562H   LINE      CODE     ---       #28
      0100057FH   LINE      CODE     ---       #29
      0100059DH   LINE      CODE     ---       #30
      010005A6H   LINE      CODE     ---       #33
      010005BDH   LINE      CODE     ---       #34
      010005D7H   LINE      CODE     ---       #35
      010005F1H   LINE      CODE     ---       #36
      0100060CH   LINE      CODE     ---       #38
      ---         BLOCKEND  ---      ---       LVL=0

      01000BF7H   BLOCK     CODE     ---       LVL=0
      00000001H   SYMBOL    DATA     ---       lcd
      00000005H   SYMBOL    DATA     BYTE      rs
      02000013H   SYMBOL    XDATA    BYTE      enable
      02000014H   SYMBOL    XDATA    BYTE      d4
      02000015H   SYMBOL    XDATA    BYTE      d5
      02000016H   SYMBOL    XDATA    BYTE      d6
      02000017H   SYMBOL    XDATA    BYTE      d7
      01000BF7H   LINE      CODE     ---       #42
      01000BF7H   LINE      CODE     ---       #49
      01000BF7H   LINE      CODE     ---       #50
      01000BFBH   LINE      CODE     ---       #51
      01000C05H   LINE      CODE     ---       #52
      01000C0FH   LINE      CODE     ---       #53
      01000C19H   LINE      CODE     ---       #54
      01000C23H   LINE      CODE     ---       #55
LX51 LINKER/LOCATER V4.66.93.0                                                        01/08/2019  16:25:04  PAGE 14


      ---         BLOCKEND  ---      ---       LVL=0

      010007C0H   BLOCK     CODE     ---       LVL=0
      0200000FH   SYMBOL    XDATA    ---       lcd
      010007C0H   LINE      CODE     ---       #58
      010007C6H   LINE      CODE     ---       #59
      010007C6H   LINE      CODE     ---       #60
      010007D4H   LINE      CODE     ---       #61
      010007F7H   LINE      CODE     ---       #63
      01000805H   LINE      CODE     ---       #64
      01000808H   LINE      CODE     ---       #65
      01000811H   LINE      CODE     ---       #66
      0100081FH   LINE      CODE     ---       #67
      ---         BLOCKEND  ---      ---       LVL=0

      01000C2DH   BLOCK     CODE     ---       LVL=0
      0200000FH   SYMBOL    XDATA    ---       lcd
      02000012H   SYMBOL    XDATA    ---       str
      01000C2DH   LINE      CODE     ---       #78
      01000C33H   LINE      CODE     ---       #79
      01000C33H   LINE      CODE     ---       #80
      01000C3FH   LINE      CODE     ---       #81
      01000C5AH   LINE      CODE     ---       #82
      ---         BLOCKEND  ---      ---       LVL=0

      01000D33H   BLOCK     CODE     ---       LVL=0
      00000001H   SYMBOL    DATA     ---       lcd
      01000D33H   LINE      CODE     ---       #84
      01000D33H   LINE      CODE     ---       #85
      01000D33H   LINE      CODE     ---       #86
      01000D3DH   LINE      CODE     ---       #87
      ---         BLOCKEND  ---      ---       LVL=0
      00000001H   SYMBOL    DATA     ---       lcd
      00000005H   SYMBOL    DATA     BYTE      location
      00000001H   SYMBOL    DATA     ---       lcd
      00000005H   SYMBOL    DATA     BYTE      location

      01000BBFH   BLOCK     CODE     ---       LVL=0
      02000012H   SYMBOL    XDATA    ---       lcd
      01000BBFH   LINE      CODE     ---       #116
      01000BC5H   LINE      CODE     ---       #117
      01000BC5H   LINE      CODE     ---       #118
      01000BDAH   LINE      CODE     ---       #119
      ---         BLOCKEND  ---      ---       LVL=0
      00000001H   SYMBOL    DATA     ---       lcd
      00000001H   SYMBOL    DATA     ---       lcd

      ---         MODULE    ---      ---       I2CSOFT
      01000D6BH   PUBLIC    CODE     ---       _I2CDev_readData
      01000A30H   PUBLIC    CODE     ---       _I2CDev_readByte
      02000014H   PUBLIC    XDATA    BYTE      ?_I2CDev_writeAddress?BYTE
      01000D44H   PUBLIC    CODE     ---       _I2CDev_writeAddress
      01000D68H   PUBLIC    CODE     ---       _I2CDev_writeData
      010009C3H   PUBLIC    CODE     ---       _I2CDev_writeByte
      01000943H   PUBLIC    CODE     ---       _I2CDev_stop
      01000615H   PUBLIC    CODE     ---       _I2CDev_start
      01000CABH   PUBLIC    CODE     ---       _I2CDev_init
      02000015H   PUBLIC    XDATA    BYTE      ?_I2CDev_create?BYTE
      01000D1EH   PUBLIC    CODE     ---       _I2CDev_create
      01000C84H   SYMBOL    CODE     ---       _s_wait_for_timeout
      01000D5FH   SYMBOL    CODE     ---       _s_reset_timeoutcnt

      01000D5FH   BLOCK     CODE     ---       LVL=0
      00000001H   SYMBOL    DATA     ---       dev
      01000D5FH   LINE      CODE     ---       #9
LX51 LINKER/LOCATER V4.66.93.0                                                        01/08/2019  16:25:04  PAGE 15


      01000D5FH   LINE      CODE     ---       #10
      01000D5FH   LINE      CODE     ---       #11
      ---         BLOCKEND  ---      ---       LVL=0

      01000C84H   BLOCK     CODE     ---       LVL=0
      00000001H   SYMBOL    DATA     ---       dev
      01000C84H   LINE      CODE     ---       #13
      01000C84H   LINE      CODE     ---       #14
      01000C84H   LINE      CODE     ---       #15
      01000C8EH   LINE      CODE     ---       #16
      01000CA8H   LINE      CODE     ---       #17
      01000CAAH   LINE      CODE     ---       #19
      01000CAAH   LINE      CODE     ---       #20
      ---         BLOCKEND  ---      ---       LVL=0

      01000D1EH   BLOCK     CODE     ---       LVL=0
      00000001H   SYMBOL    DATA     ---       dev
      00000005H   SYMBOL    DATA     BYTE      sdaPin
      02000019H   SYMBOL    XDATA    BYTE      sclPin
      01000D1EH   LINE      CODE     ---       #22
      01000D1EH   LINE      CODE     ---       #23
      01000D1EH   LINE      CODE     ---       #24
      01000D22H   LINE      CODE     ---       #25
      01000D2CH   LINE      CODE     ---       #26
      ---         BLOCKEND  ---      ---       LVL=0

      01000CABH   BLOCK     CODE     ---       LVL=0
      0200000FH   SYMBOL    XDATA    ---       dev
      01000CABH   LINE      CODE     ---       #29
      01000CB1H   LINE      CODE     ---       #30
      01000CB1H   LINE      CODE     ---       #31
      01000CC0H   LINE      CODE     ---       #32
      ---         BLOCKEND  ---      ---       LVL=0

      01000615H   BLOCK     CODE     ---       LVL=0
      02000014H   SYMBOL    XDATA    ---       dev
      01000615H   LINE      CODE     ---       #35
      0100061BH   LINE      CODE     ---       #36
      0100061BH   LINE      CODE     ---       #38
      01000629H   LINE      CODE     ---       #39
      01000629H   LINE      CODE     ---       #40
      01000632H   LINE      CODE     ---       #41
      01000644H   LINE      CODE     ---       #43
      0100064DH   LINE      CODE     ---       #44
      01000660H   LINE      CODE     ---       #45
      01000660H   LINE      CODE     ---       #48
      0100066CH   LINE      CODE     ---       #49
      0100066CH   LINE      CODE     ---       #50
      0100066CH   LINE      CODE     ---       #52
      0100067CH   LINE      CODE     ---       #53
      0100067CH   LINE      CODE     ---       #54
      0100067EH   LINE      CODE     ---       #55
      0100067EH   LINE      CODE     ---       #56
      0100067EH   LINE      CODE     ---       #59
      0100068DH   LINE      CODE     ---       #60
      0100069FH   LINE      CODE     ---       #61
      010006ADH   LINE      CODE     ---       #63
      010006AFH   LINE      CODE     ---       #64
      ---         BLOCKEND  ---      ---       LVL=0

      01000943H   BLOCK     CODE     ---       LVL=0
      02000014H   SYMBOL    XDATA    ---       dev
      01000943H   LINE      CODE     ---       #66
      01000949H   LINE      CODE     ---       #67
      01000949H   LINE      CODE     ---       #69
LX51 LINKER/LOCATER V4.66.93.0                                                        01/08/2019  16:25:04  PAGE 16


      01000958H   LINE      CODE     ---       #70
      0100096AH   LINE      CODE     ---       #73
      01000973H   LINE      CODE     ---       #74
      01000986H   LINE      CODE     ---       #75
      01000986H   LINE      CODE     ---       #78
      01000992H   LINE      CODE     ---       #79
      01000992H   LINE      CODE     ---       #80
      01000992H   LINE      CODE     ---       #84
      010009A1H   LINE      CODE     ---       #86
      010009B1H   LINE      CODE     ---       #87
      010009B3H   LINE      CODE     ---       #88
      010009B3H   LINE      CODE     ---       #90
      010009C0H   LINE      CODE     ---       #91
      010009C2H   LINE      CODE     ---       #92
      ---         BLOCKEND  ---      ---       LVL=0

      010009C3H   BLOCK     CODE     ---       LVL=0
      02000019H   SYMBOL    XDATA    ---       dev
      00000006H   SYMBOL    DATA     BYTE      bt
      010009CBH   BLOCK     CODE     NEAR LAB  LVL=1
      0200001CH   SYMBOL    XDATA    BYTE      ack
      ---         BLOCKEND  ---      ---       LVL=1
      010009C3H   LINE      CODE     ---       #94
      010009CBH   LINE      CODE     ---       #95
      010009CBH   LINE      CODE     ---       #97
      010009E0H   LINE      CODE     ---       #99
      010009EFH   LINE      CODE     ---       #100
      01000A01H   LINE      CODE     ---       #101
      01000A13H   LINE      CODE     ---       #102
      01000A25H   LINE      CODE     ---       #104
      01000A2DH   LINE      CODE     ---       #105
      01000A2FH   LINE      CODE     ---       #107
      01000A2FH   LINE      CODE     ---       #108
      ---         BLOCKEND  ---      ---       LVL=0

      01000D68H   BLOCK     CODE     ---       LVL=0
      00000001H   SYMBOL    DATA     ---       dev
      00000005H   SYMBOL    DATA     BYTE      dat
      01000D68H   LINE      CODE     ---       #110
      01000D68H   LINE      CODE     ---       #111
      01000D68H   LINE      CODE     ---       #112
      ---         BLOCKEND  ---      ---       LVL=0

      01000D44H   BLOCK     CODE     ---       LVL=0
      00000001H   SYMBOL    DATA     ---       dev
      00000005H   SYMBOL    DATA     BYTE      addr
      02000018H   SYMBOL    XDATA    BYTE      mode_rw
      01000D44H   LINE      CODE     ---       #115
      01000D44H   LINE      CODE     ---       #116
      01000D44H   LINE      CODE     ---       #117
      ---         BLOCKEND  ---      ---       LVL=0

      01000A30H   BLOCK     CODE     ---       LVL=0
      02000014H   SYMBOL    XDATA    ---       dev
      02000017H   SYMBOL    XDATA    CHAR      ack
      01000A3BH   BLOCK     CODE     NEAR LAB  LVL=1
      02000018H   SYMBOL    XDATA    BYTE      dat
      ---         BLOCKEND  ---      ---       LVL=1
      01000A30H   LINE      CODE     ---       #120
      01000A3BH   LINE      CODE     ---       #121
      01000A3BH   LINE      CODE     ---       #122
      01000A50H   LINE      CODE     ---       #125
      01000A60H   LINE      CODE     ---       #126
      01000A60H   LINE      CODE     ---       #127
      01000A6DH   LINE      CODE     ---       #128
LX51 LINKER/LOCATER V4.66.93.0                                                        01/08/2019  16:25:04  PAGE 17


      01000A7FH   LINE      CODE     ---       #129
      01000A91H   LINE      CODE     ---       #130
      01000A91H   LINE      CODE     ---       #132
      01000A96H   LINE      CODE     ---       #133
      ---         BLOCKEND  ---      ---       LVL=0

      01000D6BH   BLOCK     CODE     ---       LVL=0
      00000001H   SYMBOL    DATA     ---       dev
      00000005H   SYMBOL    DATA     CHAR      ack
      01000D6BH   LINE      CODE     ---       #135
      01000D6BH   LINE      CODE     ---       #136
      01000D6BH   LINE      CODE     ---       #137
      ---         BLOCKEND  ---      ---       LVL=0

      ---         MODULE    ---      ---       AT24C02
      0100073CH   PUBLIC    CODE     ---       _At24c02_readByte
      01000D6EH   PUBLIC    CODE     ---       _At24c02_init
      0200000FH   PUBLIC    XDATA    BYTE      ?_At24c02_create?BYTE
      01000C5BH   PUBLIC    CODE     ---       _At24c02_create

      01000C5BH   BLOCK     CODE     ---       LVL=0
      0200000FH   SYMBOL    XDATA    ---       dev
      00000005H   SYMBOL    DATA     BYTE      sda
      02000013H   SYMBOL    XDATA    BYTE      scl
      02000014H   SYMBOL    XDATA    BYTE      devAddr
      01000C5BH   LINE      CODE     ---       #7
      01000C61H   LINE      CODE     ---       #8
      01000C61H   LINE      CODE     ---       #9
      01000C72H   LINE      CODE     ---       #10
      ---         BLOCKEND  ---      ---       LVL=0

      01000D6EH   BLOCK     CODE     ---       LVL=0
      00000001H   SYMBOL    DATA     ---       dev
      01000D6EH   LINE      CODE     ---       #13
      01000D6EH   LINE      CODE     ---       #14
      01000D6EH   LINE      CODE     ---       #15
      ---         BLOCKEND  ---      ---       LVL=0

      0100073CH   BLOCK     CODE     ---       LVL=0
      0200000FH   SYMBOL    XDATA    ---       dev
      02000012H   SYMBOL    XDATA    BYTE      wordAddr
      01000747H   BLOCK     CODE     NEAR LAB  LVL=1
      02000013H   SYMBOL    XDATA    BYTE      dat
      ---         BLOCKEND  ---      ---       LVL=1
      0100073CH   LINE      CODE     ---       #27
      01000747H   LINE      CODE     ---       #28
      01000747H   LINE      CODE     ---       #30
      0100074AH   LINE      CODE     ---       #31
      01000765H   LINE      CODE     ---       #32
      01000773H   LINE      CODE     ---       #33
      0100077CH   LINE      CODE     ---       #35
      01000785H   LINE      CODE     ---       #36
      010007A1H   LINE      CODE     ---       #37
      010007B1H   LINE      CODE     ---       #38
      010007BAH   LINE      CODE     ---       #39
      010007BFH   LINE      CODE     ---       #40
      ---         BLOCKEND  ---      ---       LVL=0

      ---         MODULE    ---      ---       ?C_INIT
      010006F7H   PUBLIC    CODE     ---       ?C_START

      ---         MODULE    ---      ---       ?C?CLDPTR
      01000368H   PUBLIC    CODE     ---       ?C?CLDPTR

      ---         MODULE    ---      ---       ?C?CLDOPTR
LX51 LINKER/LOCATER V4.66.93.0                                                        01/08/2019  16:25:04  PAGE 18


      01000381H   PUBLIC    CODE     ---       ?C?CLDOPTR

      ---         MODULE    ---      ---       ?C?CSTPTR
      010003AEH   PUBLIC    CODE     ---       ?C?CSTPTR

      ---         MODULE    ---      ---       ?C?CSTOPTR
      010003C0H   PUBLIC    CODE     ---       ?C?CSTOPTR

      ---         MODULE    ---      ---       ?C?IILDX
      010003E2H   PUBLIC    CODE     ---       ?C?IILDX

      ---         MODULE    ---      ---       ?C?ILDOPTR
      010003F8H   PUBLIC    CODE     ---       ?C?ILDOPTR

      ---         MODULE    ---      ---       ?C?IILDOPTR
      01000430H   PUBLIC    CODE     ---       ?C?IILDOPTR

      ---         MODULE    ---      ---       ?C?ISTOPTR
      0100047DH   PUBLIC    CODE     ---       ?C?ISTOPTR

      ---         MODULE    ---      ---       ?C?SLCMP
      010004AAH   PUBLIC    CODE     ---       ?C?SLCMP

      ---         MODULE    ---      ---       ?C?PLDXDATA
      010004C0H   PUBLIC    CODE     ---       ?C?PLDXDATA

      ---         MODULE    ---      ---       ?C?PSTXDATA
      010004C9H   PUBLIC    CODE     ---       ?C?PSTXDATA

      ---         MODULE    ---      ---       PRINTF
      0200000FH   PUBLIC    XDATA    ---       ?_PRINTF517?BYTE
      0200000FH   PUBLIC    XDATA    ---       ?_PRINTF?BYTE
      0200000FH   PUBLIC    XDATA    ---       ?_SPRINTF517?BYTE
      0200000FH   PUBLIC    XDATA    ---       ?_SPRINTF?BYTE
      0100006EH   PUBLIC    CODE     ---       _PRINTF
      0100006EH   PUBLIC    CODE     ---       _PRINTF517
      01000068H   PUBLIC    CODE     ---       _SPRINTF
      01000068H   PUBLIC    CODE     ---       _SPRINTF517

      ---         MODULE    ---      ---       ?C?PLDIXDATA
      010004D2H   PUBLIC    CODE     ---       ?C?PLDIXDATA

      ---         MODULE    ---      ---       ?C?CCASE
      010004E9H   PUBLIC    CODE     ---       ?C?CCASE

      ---         MODULE    ---      ---       PUTCHAR
      01000CD2H   PUBLIC    CODE     ---       _PUTCHAR

Program Size: data=15.1 xdata=87 const=3 code=3441
LX51 RUN COMPLETE.  0 WARNING(S),  0 ERROR(S)
