C51 COMPILER V9.59.0.0   GPIO                                                              01/08/2019 16:23:21 PAGE 1   


C51 COMPILER V9.59.0.0, COMPILATION OF MODULE GPIO
OBJECT MODULE PLACED IN .\Objects\gpio.obj
COMPILER INVOKED BY: D:\Program Files (x86)\Keil_v5\C51\BIN\C51.EXE gpio.c LARGE OMF2 OPTIMIZE(8,SIZE) BROWSE DEBUG PRIN
                    -T(.\Listings\gpio.lst) OBJECT(.\Objects\gpio.obj)

line level    source

   1          /**
   2           * gpio.c - "Arduino like" GPIO Fuction
   3           * Copyright (c) 2018 Silgm. All right reserved.
   4          */
   5          
   6          #include "gpio.h"
   7          #include <reg52.h>
   8          
   9          //p%8 <==> p & 0x07
  10          #define PIN_TO_MASK(p)  (0x01<<(p&0x07))        
  11          #define PIN_TO_PORT(p)  (p>>3)
  12          
  13          void digitalWrite(Pin pin, uint8_t val)
  14          {
  15   1              uint8_t bitMask = PIN_TO_MASK(pin);
  16   1              Port port = PIN_TO_PORT(pin);
  17   1              
  18   1              if (port == PORT_0)
  19   1              {
  20   2                      if(val)
  21   2                              P0 |= bitMask;
  22   2                      else
  23   2                              P0 &= ~(bitMask);
  24   2              }
  25   1              else if (port == PORT_1)
  26   1              {
  27   2                      if(val)
  28   2                              P1 |= bitMask;
  29   2                      else
  30   2                              P1 &= ~(bitMask);
  31   2              }
  32   1              else 
  33   1              {
  34   2                      if(val)
  35   2                              P2 |= bitMask;
  36   2                      else
  37   2                              P2 &= ~(bitMask);
  38   2              }
  39   1      }
  40          
  41          
  42          uint8_t digitalRead(Pin pin)
  43          {
  44   1              uint8_t bitMask = PIN_TO_MASK(pin);
  45   1              Port port = PIN_TO_PORT(pin);
  46   1              
  47   1              if (port == PORT_0)
  48   1              {
  49   2                      if(P0 & bitMask)
  50   2                              return HIGH;
  51   2                      else
  52   2                              return LOW;
  53   2              }
  54   1              else if (port == PORT_1)
C51 COMPILER V9.59.0.0   GPIO                                                              01/08/2019 16:23:21 PAGE 2   

  55   1              {
  56   2                      if(P1 & bitMask)
  57   2                              return HIGH;
  58   2                      else
  59   2                              return LOW;
  60   2              }
  61   1              else 
  62   1              {
  63   2                      if(P2 & bitMask)
  64   2                              return HIGH;
  65   2                      else
  66   2                              return LOW;
  67   2              }
  68   1      }
  69          
  70          void digitalWritePort(Port port, uint8_t val)
  71          {
  72   1              if (port == PORT_0)
  73   1                      P0 = val;
  74   1              else if (port == PORT_1)
  75   1                      P1 = val;
  76   1              else 
  77   1                      P2 = val;
  78   1      }
  79          
  80          uint8_t digitalReadPort(Port port)
  81          {
  82   1              if (port == PORT_0)
  83   1                      return P0;
  84   1              else if (port == PORT_1)
  85   1                      return P1;
  86   1              else 
  87   1                      return P2;
  88   1      }
  89          
  90          uint8_t shiftIn(uint8_t dataPin, uint8_t clockPin, uint8_t bitOrder) 
  91          {
  92   1              uint8_t value = 0;
  93   1              uint8_t i;
  94   1      
  95   1              for (i = 0; i < 8; ++i) {
  96   2                      digitalWrite(clockPin, HIGH);
  97   2                      if (bitOrder == LSBFIRST)
  98   2                              value |= digitalRead(dataPin) << i;
  99   2                      else
 100   2                              value |= digitalRead(dataPin) << (7 - i);
 101   2                      digitalWrite(clockPin, LOW);
 102   2              }
 103   1              return value;
 104   1      }
 105          
 106          void shiftOut(uint8_t dataPin, uint8_t clockPin, uint8_t bitOrder, uint8_t val)
 107          {
 108   1              uint8_t i;
 109   1      
 110   1              for (i = 0; i < 8; i++)  {
 111   2                      if (bitOrder == LSBFIRST)
 112   2                              digitalWrite(dataPin, !!(val & (1 << i)));
 113   2                      else    
 114   2                              digitalWrite(dataPin, !!(val & (1 << (7 - i))));
 115   2                              
 116   2                      digitalWrite(clockPin, HIGH);
C51 COMPILER V9.59.0.0   GPIO                                                              01/08/2019 16:23:21 PAGE 3   

 117   2                      digitalWrite(clockPin, LOW);            
 118   2              }
 119   1      }
 120          


MODULE INFORMATION:   STATIC OVERLAYABLE
   CODE SIZE        =    400    ----
   CONSTANT SIZE    =   ----    ----
   XDATA SIZE       =   ----       7
   PDATA SIZE       =   ----    ----
   DATA SIZE        =   ----    ----
   IDATA SIZE       =   ----    ----
   BIT SIZE         =   ----    ----
   EDATA SIZE       =   ----    ----
   HDATA SIZE       =   ----    ----
   XDATA CONST SIZE =   ----    ----
   FAR CONST SIZE   =   ----    ----
END OF MODULE INFORMATION.


C51 COMPILATION COMPLETE.  0 WARNING(S),  0 ERROR(S)
